// Jest Snapshot v1, https://goo.gl/fbAQLP

exports[`1 + 1 equals 2 1`] = `
<div
  className="custom-file"
>
  <input
    className="custom-file-input"
    name="Untitles"
    onChange={[Function]}
    type="file"
  />
  <label
    className="custom-file-label"
  >
    Hello
  </label>
</div>
`;
